INFO: [VRFC 10-2263] Analyzing Verilog file "D:/Xilinx/Vivado/projects-ps/JMP_Predict_CPU/JMP_Predict_CPU.gen/sources_1/ip/DS_DRAM/sim/DS_DRAM.v" into library xil_defaultlib
INFO: [VRFC 10-311] analyzing module DS_DRAM
INFO: [VRFC 10-2263] Analyzing Verilog file "D:/Xilinx/Vivado/projects-ps/JMP_Predict_CPU/JMP_Predict_CPU.gen/sources_1/ip/CS_DRAM/sim/CS_DRAM.v" into library xil_defaultlib
INFO: [VRFC 10-311] analyzing module CS_DRAM
INFO: [VRFC 10-2263] Analyzing Verilog file "D:/Xilinx/Vivado/projects-ps/JMP_Predict_CPU/JMP_Predict_CPU.srcs/sources_1/new/ALU.v" into library xil_defaultlib
INFO: [VRFC 10-311] analyzing module ALU
INFO: [VRFC 10-2263] Analyzing Verilog file "D:/Xilinx/Vivado/projects-ps/JMP_Predict_CPU/JMP_Predict_CPU.srcs/sources_1/new/BPB.v" into library xil_defaultlib
INFO: [VRFC 10-311] analyzing module BPB
INFO: [VRFC 10-2263] Analyzing Verilog file "D:/Xilinx/Vivado/projects-ps/JMP_Predict_CPU/JMP_Predict_CPU.srcs/sources_1/new/BubleDel.v" into library xil_defaultlib
INFO: [VRFC 10-311] analyzing module BubleDel
INFO: [VRFC 10-2263] Analyzing Verilog file "D:/Xilinx/Vivado/projects-ps/JMP_Predict_CPU/JMP_Predict_CPU.srcs/sources_1/new/CPU.v" into library xil_defaultlib
INFO: [VRFC 10-311] analyzing module CPU
WARNING: [VRFC 10-2938] 'ALU_Hi' is already implicitly declared on line 251 [D:/Xilinx/Vivado/projects-ps/JMP_Predict_CPU/JMP_Predict_CPU.srcs/sources_1/new/CPU.v:258]
WARNING: [VRFC 10-3380] identifier 'actual_branchtaken' is used before its declaration [D:/Xilinx/Vivado/projects-ps/JMP_Predict_CPU/JMP_Predict_CPU.srcs/sources_1/new/CPU.v:46]
WARNING: [VRFC 10-3380] identifier 'PredictJump' is used before its declaration [D:/Xilinx/Vivado/projects-ps/JMP_Predict_CPU/JMP_Predict_CPU.srcs/sources_1/new/CPU.v:47]
WARNING: [VRFC 10-3380] identifier 'PredictJump_EX' is used before its declaration [D:/Xilinx/Vivado/projects-ps/JMP_Predict_CPU/JMP_Predict_CPU.srcs/sources_1/new/CPU.v:48]
WARNING: [VRFC 10-3380] identifier 'ALU_SRCA' is used before its declaration [D:/Xilinx/Vivado/projects-ps/JMP_Predict_CPU/JMP_Predict_CPU.srcs/sources_1/new/CPU.v:66]
INFO: [VRFC 10-2263] Analyzing Verilog file "D:/Xilinx/Vivado/projects-ps/JMP_Predict_CPU/JMP_Predict_CPU.srcs/sources_1/new/CU.v" into library xil_defaultlib
INFO: [VRFC 10-311] analyzing module CU
INFO: [VRFC 10-2263] Analyzing Verilog file "D:/Xilinx/Vivado/projects-ps/JMP_Predict_CPU/JMP_Predict_CPU.srcs/sources_1/new/EXMEM.v" into library xil_defaultlib
INFO: [VRFC 10-311] analyzing module EXMEM
INFO: [VRFC 10-2263] Analyzing Verilog file "D:/Xilinx/Vivado/projects-ps/JMP_Predict_CPU/JMP_Predict_CPU.srcs/sources_1/new/Hi_reg.v" into library xil_defaultlib
INFO: [VRFC 10-311] analyzing module Hi_reg
INFO: [VRFC 10-2263] Analyzing Verilog file "D:/Xilinx/Vivado/projects-ps/JMP_Predict_CPU/JMP_Predict_CPU.srcs/sources_1/new/IDEX.v" into library xil_defaultlib
INFO: [VRFC 10-311] analyzing module IDEX
INFO: [VRFC 10-2263] Analyzing Verilog file "D:/Xilinx/Vivado/projects-ps/JMP_Predict_CPU/JMP_Predict_CPU.srcs/sources_1/new/IFID.v" into library xil_defaultlib
INFO: [VRFC 10-311] analyzing module IFID
INFO: [VRFC 10-2263] Analyzing Verilog file "D:/Xilinx/Vivado/projects-ps/JMP_Predict_CPU/JMP_Predict_CPU.srcs/sources_1/new/Lo_reg.v" into library xil_defaultlib
INFO: [VRFC 10-311] analyzing module Lo_reg
INFO: [VRFC 10-2263] Analyzing Verilog file "D:/Xilinx/Vivado/projects-ps/JMP_Predict_CPU/JMP_Predict_CPU.srcs/sources_1/new/MEMWB.v" into library xil_defaultlib
INFO: [VRFC 10-311] analyzing module MEMWB
INFO: [VRFC 10-2263] Analyzing Verilog file "D:/Xilinx/Vivado/projects-ps/JMP_Predict_CPU/JMP_Predict_CPU.srcs/sources_1/new/PC.v" into library xil_defaultlib
INFO: [VRFC 10-311] analyzing module PC
INFO: [VRFC 10-2263] Analyzing Verilog file "D:/Xilinx/Vivado/projects-ps/JMP_Predict_CPU/JMP_Predict_CPU.srcs/sources_1/new/RegFile.v" into library xil_defaultlib
INFO: [VRFC 10-311] analyzing module RegFile
INFO: [VRFC 10-2263] Analyzing Verilog file "D:/Xilinx/Vivado/projects-ps/JMP_Predict_CPU/JMP_Predict_CPU.srcs/sim_1/new/sim_cpu.v" into library xil_defaultlib
INFO: [VRFC 10-311] analyzing module sim_cpu
