Copyright 1986-2022 Xilinx, Inc. All Rights Reserved.
-------------------------------------------------------------------------------------------------------------------------------
| Tool Version     : Vivado v.2022.1 (win64) Build 3526262 Mon Apr 18 15:48:16 MDT 2022
| Date             : Thu Aug 21 16:47:18 2025
| Host             : ps running 64-bit major release  (build 9200)
| Command          : report_power -file TOP_power_routed.rpt -pb TOP_power_summary_routed.pb -rpx TOP_power_routed.rpx
| Design           : TOP
| Device           : xc7a35tcsg324-1
| Design State     : routed
| Grade            : commercial
| Process          : typical
| Characterization : Production
-------------------------------------------------------------------------------------------------------------------------------

Power Report

Table of Contents
-----------------
1. Summary
1.1 On-Chip Components
1.2 Power Supply Summary
1.3 Confidence Level
2. Settings
2.1 Environment
2.2 Clock Constraints
3. Detailed Reports
3.1 By Hierarchy

1. Summary
----------

+--------------------------+----------------------------------+
| Total On-Chip Power (W)  | 87.298 (Junction temp exceeded!) |
| Design Power Budget (W)  | Unspecified*                     |
| Power Budget Margin (W)  | NA                               |
| Dynamic (W)              | 86.812                           |
| Device Static (W)        | 0.486                            |
| Effective TJA (C/W)      | 4.8                              |
| Max Ambient (C)          | 0.0                              |
| Junction Temperature (C) | 125.0                            |
| Confidence Level         | Low                              |
| Setting File             | ---                              |
| Simulation Activity File | ---                              |
| Design Nets Matched      | NA                               |
+--------------------------+----------------------------------+
* Specify Design Power Budget using, set_operating_conditions -design_power_budget <value in Watts>


1.1 On-Chip Components
----------------------

+--------------------------+-----------+----------+-----------+-----------------+
| On-Chip                  | Power (W) | Used     | Available | Utilization (%) |
+--------------------------+-----------+----------+-----------+-----------------+
| Slice Logic              |    39.744 |     8665 |       --- |             --- |
|   LUT as Logic           |    33.448 |     4766 |     20800 |           22.91 |
|   CARRY4                 |     4.828 |      763 |      8150 |            9.36 |
|   LUT as Distributed RAM |     1.079 |      556 |      9600 |            5.79 |
|   Register               |     0.215 |     1658 |     41600 |            3.99 |
|   F7/F8 Muxes            |     0.166 |      414 |     32600 |            1.27 |
|   BUFG                   |     0.009 |        2 |        32 |            6.25 |
|   Others                 |     0.000 |       18 |       --- |             --- |
| Signals                  |    45.523 |     7360 |       --- |             --- |
| DSPs                     |     1.537 |        8 |        90 |            8.89 |
| I/O                      |     0.008 |       27 |       210 |           12.86 |
| Static Power             |     0.486 |          |           |                 |
| Total                    |    87.298 |          |           |                 |
+--------------------------+-----------+----------+-----------+-----------------+


1.2 Power Supply Summary
------------------------

+-----------+-------------+-----------+-------------+------------+-------------+-------------+------------+
| Source    | Voltage (V) | Total (A) | Dynamic (A) | Static (A) | Powerup (A) | Budget (A)  | Margin (A) |
+-----------+-------------+-----------+-------------+------------+-------------+-------------+------------+
| Vccint    |       1.000 |    87.153 |      86.812 |      0.341 |       NA    | Unspecified | NA         |
| Vccaux    |       1.800 |     0.053 |       0.000 |      0.053 |       NA    | Unspecified | NA         |
| Vcco33    |       3.300 |     0.001 |       0.000 |      0.001 |       NA    | Unspecified | NA         |
| Vcco25    |       2.500 |     0.000 |       0.000 |      0.000 |       NA    | Unspecified | NA         |
| Vcco18    |       1.800 |     0.000 |       0.000 |      0.000 |       NA    | Unspecified | NA         |
| Vcco15    |       1.500 |     0.000 |       0.000 |      0.000 |       NA    | Unspecified | NA         |
| Vcco135   |       1.350 |     0.000 |       0.000 |      0.000 |       NA    | Unspecified | NA         |
| Vcco12    |       1.200 |     0.000 |       0.000 |      0.000 |       NA    | Unspecified | NA         |
| Vccaux_io |       1.800 |     0.000 |       0.000 |      0.000 |       NA    | Unspecified | NA         |
| Vccbram   |       1.000 |     0.010 |       0.000 |      0.010 |       NA    | Unspecified | NA         |
| MGTAVcc   |       1.000 |     0.000 |       0.000 |      0.000 |       NA    | Unspecified | NA         |
| MGTAVtt   |       1.200 |     0.000 |       0.000 |      0.000 |       NA    | Unspecified | NA         |
| Vccadc    |       1.800 |     0.020 |       0.000 |      0.020 |       NA    | Unspecified | NA         |
+-----------+-------------+-----------+-------------+------------+-------------+-------------+------------+


1.3 Confidence Level
--------------------

+-----------------------------+------------+--------------------------------------------------------+--------------------------------------------------------------------------------------------------------------------+
| User Input Data             | Confidence | Details                                                | Action                                                                                                             |
+-----------------------------+------------+--------------------------------------------------------+--------------------------------------------------------------------------------------------------------------------+
| Design implementation state | High       | Design is routed                                       |                                                                                                                    |
| Clock nodes activity        | Low        | User specified less than 75% of clocks                 | Provide missing clock activity with a constraint file, simulation results or by editing the "By Clock Domain" view |
| I/O nodes activity          | Low        | More than 75% of inputs are missing user specification | Provide missing input activity with simulation results or by editing the "By Resource Type -> I/Os" view           |
| Internal nodes activity     | Medium     | User specified less than 25% of internal nodes         | Provide missing internal nodes activity with simulation results or by editing the "By Resource Type" views         |
| Device models               | High       | Device models are Production                           |                                                                                                                    |
|                             |            |                                                        |                                                                                                                    |
| Overall confidence level    | Low        |                                                        |                                                                                                                    |
+-----------------------------+------------+--------------------------------------------------------+--------------------------------------------------------------------------------------------------------------------+


2. Settings
-----------

2.1 Environment
---------------

+-----------------------+--------------------------+
| Ambient Temp (C)      | 25.0                     |
| ThetaJA (C/W)         | 4.8                      |
| Airflow (LFM)         | 250                      |
| Heat Sink             | medium (Medium Profile)  |
| ThetaSA (C/W)         | 4.6                      |
| Board Selection       | medium (10"x10")         |
| # of Board Layers     | 12to15 (12 to 15 Layers) |
| Board Temperature (C) | 25.0                     |
+-----------------------+--------------------------+


2.2 Clock Constraints
---------------------

+-------+--------+-----------------+
| Clock | Domain | Constraint (ns) |
+-------+--------+-----------------+


3. Detailed Reports
-------------------

3.1 By Hierarchy
----------------

+--------------------------------+-----------+
| Name                           | Power (W) |
+--------------------------------+-----------+
| TOP                            |    86.812 |
|   CLK_0                        |     0.198 |
|   CPU_U                        |    86.510 |
|     ALU_0                      |    52.724 |
|     BPB_0                      |     2.991 |
|     CS_0                       |     0.938 |
|       U0                       |     0.938 |
|     DS_0                       |     1.614 |
|       U0                       |     1.614 |
|     EXMEM_0                    |     5.399 |
|     Hi_reg_0                   |     0.006 |
|     IDEX_0                     |    17.497 |
|     IFID_0                     |     0.927 |
|     MEMWB_0                    |     1.195 |
|     PC_0                       |     2.188 |
|     REGFILE_0                  |     0.228 |
|       MEM_reg_r1_0_31_0_5      |     0.011 |
|       MEM_reg_r1_0_31_12_17    |     0.016 |
|       MEM_reg_r1_0_31_18_23    |     0.014 |
|       MEM_reg_r1_0_31_24_29    |     0.014 |
|       MEM_reg_r1_0_31_30_31    |     0.004 |
|       MEM_reg_r1_0_31_30_31__0 |     0.004 |
|       MEM_reg_r1_0_31_6_11     |     0.013 |
|       MEM_reg_r2_0_31_0_5      |     0.010 |
|       MEM_reg_r2_0_31_12_17    |     0.014 |
|       MEM_reg_r2_0_31_18_23    |     0.014 |
|       MEM_reg_r2_0_31_24_29    |     0.014 |
|       MEM_reg_r2_0_31_30_31    |     0.005 |
|       MEM_reg_r2_0_31_30_31__0 |     0.004 |
|       MEM_reg_r2_0_31_6_11     |     0.013 |
+--------------------------------+-----------+


