Copyright 1986-2022 Xilinx, Inc. All Rights Reserved.
------------------------------------------------------------------------------------
| Tool Version : Vivado v.2022.1 (win64) Build 3526262 Mon Apr 18 15:48:16 MDT 2022
| Date         : Thu Aug 21 16:46:51 2025
| Host         : ps running 64-bit major release  (build 9200)
| Command      : report_control_sets -verbose -file TOP_control_sets_placed.rpt
| Design       : TOP
| Device       : xc7a35t
------------------------------------------------------------------------------------

Control Set Information

Table of Contents
-----------------
1. Summary
2. Histogram
3. Flip-Flop Distribution
4. Detailed Control Set Information

1. Summary
----------

+----------------------------------------------------------+-------+
|                          Status                          | Count |
+----------------------------------------------------------+-------+
| Total control sets                                       |    65 |
|    Minimum number of control sets                        |    65 |
|    Addition due to synthesis replication                 |     0 |
|    Addition due to physical synthesis replication        |     0 |
| Unused register locations in slices containing registers |   254 |
+----------------------------------------------------------+-------+
* Control sets can be merged at opt_design using control_set_merge or merge_equivalent_drivers
** Run report_qor_suggestions for automated merging and remapping suggestions


2. Histogram
------------

+--------------------+-------+
|       Fanout       | Count |
+--------------------+-------+
| Total control sets |    65 |
| >= 0 to < 4        |     2 |
| >= 4 to < 6        |    18 |
| >= 6 to < 8        |     0 |
| >= 8 to < 10       |     0 |
| >= 10 to < 12      |     0 |
| >= 12 to < 14      |     0 |
| >= 14 to < 16      |     1 |
| >= 16              |    44 |
+--------------------+-------+
* Control sets can be remapped at either synth_design or opt_design


3. Flip-Flop Distribution
-------------------------

+--------------+-----------------------+------------------------+-----------------+--------------+
| Clock Enable | Synchronous Set/Reset | Asynchronous Set/Reset | Total Registers | Total Slices |
+--------------+-----------------------+------------------------+-----------------+--------------+
| No           | No                    | No                     |               9 |            5 |
| No           | No                    | Yes                    |              16 |           13 |
| No           | Yes                   | No                     |              19 |            5 |
| Yes          | No                    | No                     |              32 |           12 |
| Yes          | No                    | Yes                    |            1582 |          719 |
| Yes          | Yes                   | No                     |               0 |            0 |
+--------------+-----------------------+------------------------+-----------------+--------------+


4. Detailed Control Set Information
-----------------------------------

+----------------+----------------------------------------------------------------------------------------------+-------------------------------+------------------+----------------+--------------+
|  Clock Signal  |                                         Enable Signal                                        |        Set/Reset Signal       | Slice Load Count | Bel Load Count | Bels / Slice |
+----------------+----------------------------------------------------------------------------------------------+-------------------------------+------------------+----------------+--------------+
|  clk_10ms_BUFG |                                                                                              |                               |                1 |              2 |         2.00 |
|  clk_IBUF_BUFG |                                                                                              |                               |                2 |              2 |         1.00 |
|  CLK_0/clk_1ms |                                                                                              | CLK_0/cnt_10ms_reg[3]_i_1_n_0 |                1 |              4 |         4.00 |
|  clk_10ms_BUFG | CPU_U/BPB_0/lru_count[9][3]_i_1_n_0                                                          | rst_IBUF                      |                2 |              4 |         2.00 |
|  clk_10ms_BUFG | CPU_U/IDEX_0/BEQ_EX_reg_2[0]                                                                 | rst_IBUF                      |                3 |              4 |         1.33 |
|  clk_10ms_BUFG | CPU_U/BPB_0/lru_count[8][3]_i_1_n_0                                                          | rst_IBUF                      |                1 |              4 |         4.00 |
|  clk_10ms_BUFG | CPU_U/BPB_0/lru_count[6][3]_i_1_n_0                                                          | rst_IBUF                      |                2 |              4 |         2.00 |
|  clk_10ms_BUFG | CPU_U/BPB_0/lru_count[4][3]_i_1_n_0                                                          | rst_IBUF                      |                2 |              4 |         2.00 |
|  clk_10ms_BUFG | CPU_U/BPB_0/lru_count[7][3]_i_1_n_0                                                          | rst_IBUF                      |                2 |              4 |         2.00 |
|  clk_10ms_BUFG | CPU_U/BPB_0/lru_count[5][3]_i_1_n_0                                                          | rst_IBUF                      |                2 |              4 |         2.00 |
|  clk_10ms_BUFG | CPU_U/BPB_0/lru_count[3][3]_i_1_n_0                                                          | rst_IBUF                      |                2 |              4 |         2.00 |
|  clk_10ms_BUFG | CPU_U/BPB_0/lru_count[13][3]_i_1_n_0                                                         | rst_IBUF                      |                2 |              4 |         2.00 |
|  clk_10ms_BUFG | CPU_U/BPB_0/lru_count[2][3]_i_1_n_0                                                          | rst_IBUF                      |                2 |              4 |         2.00 |
|  clk_10ms_BUFG | CPU_U/BPB_0/lru_count[1][3]_i_1_n_0                                                          | rst_IBUF                      |                2 |              4 |         2.00 |
|  clk_10ms_BUFG | CPU_U/BPB_0/lru_count[14][3]_i_1_n_0                                                         | rst_IBUF                      |                2 |              4 |         2.00 |
|  clk_10ms_BUFG | CPU_U/BPB_0/lru_count[12][3]_i_1_n_0                                                         | rst_IBUF                      |                3 |              4 |         1.33 |
|  clk_10ms_BUFG | CPU_U/BPB_0/lru_count                                                                        | rst_IBUF                      |                2 |              4 |         2.00 |
|  clk_10ms_BUFG | CPU_U/BPB_0/lru_count[11][3]_i_1_n_0                                                         | rst_IBUF                      |                3 |              4 |         1.33 |
|  clk_10ms_BUFG | CPU_U/BPB_0/lru_count[10][3]_i_1_n_0                                                         | rst_IBUF                      |                2 |              4 |         2.00 |
|  CLK_0/clk_1ms |                                                                                              |                               |                2 |              5 |         2.50 |
|  clk_IBUF_BUFG |                                                                                              | CLK_0/clk_1ms_0               |                4 |             15 |         3.75 |
|  clk_10ms_BUFG |                                                                                              | rst_IBUF                      |               13 |             16 |         1.23 |
|  clk_10ms_BUFG | CPU_U/BPB_0/valid6_out                                                                       | rst_IBUF                      |                7 |             20 |         2.86 |
|  clk_10ms_BUFG | CPU_U/BPB_0/tag[12][19]_i_1_n_0                                                              | rst_IBUF                      |                6 |             20 |         3.33 |
|  clk_10ms_BUFG | CPU_U/BPB_0/tag[15][19]_i_1_n_0                                                              | rst_IBUF                      |                5 |             20 |         4.00 |
|  clk_10ms_BUFG | CPU_U/BPB_0/tag[2][19]_i_1_n_0                                                               | rst_IBUF                      |                5 |             20 |         4.00 |
|  clk_10ms_BUFG | CPU_U/BPB_0/tag[3][19]_i_1_n_0                                                               | rst_IBUF                      |                7 |             20 |         2.86 |
|  clk_10ms_BUFG | CPU_U/BPB_0/tag[13][19]_i_1_n_0                                                              | rst_IBUF                      |                6 |             20 |         3.33 |
|  clk_10ms_BUFG | CPU_U/BPB_0/tag[6][19]_i_1_n_0                                                               | rst_IBUF                      |                8 |             20 |         2.50 |
|  clk_10ms_BUFG | CPU_U/BPB_0/tag[5][19]_i_1_n_0                                                               | rst_IBUF                      |                4 |             20 |         5.00 |
|  clk_10ms_BUFG | CPU_U/BPB_0/valid2_out                                                                       | rst_IBUF                      |                6 |             20 |         3.33 |
|  clk_10ms_BUFG | CPU_U/BPB_0/tag[7][19]_i_1_n_0                                                               | rst_IBUF                      |                6 |             20 |         3.33 |
|  clk_10ms_BUFG | CPU_U/BPB_0/E[0]                                                                             | rst_IBUF                      |                6 |             20 |         3.33 |
|  clk_10ms_BUFG | CPU_U/BPB_0/tag[1][19]_i_1_n_0                                                               | rst_IBUF                      |                7 |             20 |         2.86 |
|  clk_10ms_BUFG | CPU_U/BPB_0/lru_count_reg[14][1]_0                                                           | rst_IBUF                      |                8 |             20 |         2.50 |
|  clk_10ms_BUFG | CPU_U/BPB_0/lru_count_reg[14][1]_5                                                           | rst_IBUF                      |                4 |             20 |         5.00 |
|  clk_10ms_BUFG | CPU_U/BPB_0/valid7_out                                                                       | rst_IBUF                      |                7 |             20 |         2.86 |
|  clk_10ms_BUFG | CPU_U/BPB_0/valid5_out                                                                       | rst_IBUF                      |                6 |             20 |         3.33 |
|  clk_10ms_BUFG | CPU_U/IDEX_0/go_once_reg[0]                                                                  | rst_IBUF                      |               11 |             32 |         2.91 |
|  clk_10ms_BUFG | CPU_U/IDEX_0/SYSCALL_EX_reg_0[0]                                                             |                               |               12 |             32 |         2.67 |
|  clk_10ms_BUFG | CPU_U/IDEX_0/valid_reg[0][0]                                                                 | rst_IBUF                      |               15 |             34 |         2.27 |
|  clk_10ms_BUFG | CPU_U/IDEX_0/BEQ_EX_reg_4[0]                                                                 | rst_IBUF                      |               18 |             34 |         1.89 |
|  clk_10ms_BUFG | CPU_U/BPB_0/state[14][1]_i_1_n_0                                                             | rst_IBUF                      |               16 |             34 |         2.12 |
|  clk_10ms_BUFG | CPU_U/BPB_0/state[6][1]_i_1_n_0                                                              | rst_IBUF                      |               17 |             34 |         2.00 |
|  clk_10ms_BUFG | CPU_U/BPB_0/state[7][1]_i_1_n_0                                                              | rst_IBUF                      |               17 |             34 |         2.00 |
|  clk_10ms_BUFG | CPU_U/BPB_0/state[11][1]_i_1_n_0                                                             | rst_IBUF                      |               17 |             34 |         2.00 |
|  clk_10ms_BUFG | CPU_U/BPB_0/state[9][1]_i_1_n_0                                                              | rst_IBUF                      |               20 |             34 |         1.70 |
|  clk_10ms_BUFG | CPU_U/BPB_0/state[2][1]_i_1_n_0                                                              | rst_IBUF                      |               16 |             34 |         2.12 |
|  clk_10ms_BUFG | CPU_U/BPB_0/state[12][1]_i_1_n_0                                                             | rst_IBUF                      |               19 |             34 |         1.79 |
|  clk_10ms_BUFG | CPU_U/BPB_0/state[8][1]_i_1_n_0                                                              | rst_IBUF                      |               22 |             34 |         1.55 |
|  clk_10ms_BUFG | CPU_U/BPB_0/state[3][1]_i_1_n_0                                                              | rst_IBUF                      |               17 |             34 |         2.00 |
|  clk_10ms_BUFG | CPU_U/BPB_0/state[5][1]_i_1_n_0                                                              | rst_IBUF                      |               18 |             34 |         1.89 |
|  clk_10ms_BUFG | CPU_U/BPB_0/state[13][1]_i_1_n_0                                                             | rst_IBUF                      |               18 |             34 |         1.89 |
|  clk_10ms_BUFG | CPU_U/BPB_0/state[1][1]_i_1_n_0                                                              | rst_IBUF                      |               19 |             34 |         1.79 |
|  clk_10ms_BUFG | CPU_U/BPB_0/state[10][1]_i_1_n_0                                                             | rst_IBUF                      |               16 |             34 |         2.12 |
|  clk_10ms_BUFG | CPU_U/BPB_0/state[4][1]_i_1_n_0                                                              | rst_IBUF                      |               18 |             34 |         1.89 |
|  clk_10ms_BUFG | CPU_U/IDEX_0/E[0]                                                                            | rst_IBUF                      |               21 |             62 |         2.95 |
|  clk_10ms_BUFG | CPU_U/en0__0                                                                                 | rst_IBUF                      |               36 |             64 |         1.78 |
| ~clk_10ms_BUFG | CPU_U/MEMWB_0/REGW_WB                                                                        |                               |               11 |             88 |         8.00 |
|  clk_10ms_BUFG | CPU_U/DS_0/U0/synth_options.dist_mem_inst/gen_sp_ram.spram_inst/ram_reg_768_1023_0_0_i_1_n_0 |                               |               32 |            128 |         4.00 |
|  clk_10ms_BUFG | CPU_U/DS_0/U0/synth_options.dist_mem_inst/gen_sp_ram.spram_inst/ram_reg_512_767_0_0_i_1_n_0  |                               |               32 |            128 |         4.00 |
|  clk_10ms_BUFG | CPU_U/DS_0/U0/synth_options.dist_mem_inst/gen_sp_ram.spram_inst/ram_reg_256_511_0_0_i_1_n_0  |                               |               32 |            128 |         4.00 |
|  clk_10ms_BUFG | CPU_U/DS_0/U0/synth_options.dist_mem_inst/gen_sp_ram.spram_inst/ram_reg_0_255_0_0_i_1_n_0    |                               |               32 |            128 |         4.00 |
|  clk_10ms_BUFG | CPU_U/IDEX_0/JMP_EX_i_1_n_0                                                                  | rst_IBUF                      |               57 |            153 |         2.68 |
|  clk_10ms_BUFG | CPU_U/IDEX_0/en02_out                                                                        | rst_IBUF                      |              179 |            343 |         1.92 |
+----------------+----------------------------------------------------------------------------------------------+-------------------------------+------------------+----------------+--------------+


