
*** Running vivado
    with args -log TOP.vds -m64 -product Vivado -mode batch -messageDb vivado.pb -notrace -source TOP.tcl



****** Vivado v2022.1 (64-bit)
  **** SW Build 3526262 on Mon Apr 18 15:48:16 MDT 2022
  **** IP Build 3524634 on Mon Apr 18 20:55:01 MDT 2022
    ** Copyright 1986-2022 Xilinx, Inc. All Rights Reserved.

source TOP.tcl -notrace
Command: read_checkpoint -auto_incremental -incremental D:/Xilinx/Vivado/projects-ps/JMP_Predict_CPU/JMP_Predict_CPU.srcs/utils_1/imports/synth_1/TOP.dcp
INFO: [Vivado 12-5825] Read reference checkpoint from D:/Xilinx/Vivado/projects-ps/JMP_Predict_CPU/JMP_Predict_CPU.srcs/utils_1/imports/synth_1/TOP.dcp for incremental synthesis
INFO: [Vivado 12-7989] Please ensure there are no constraint changes
Command: synth_design -top TOP -part xc7a35tcsg324-1
Starting synth_design
Attempting to get a license for feature 'Synthesis' and/or device 'xc7a35t'
INFO: [Common 17-349] Got license for feature 'Synthesis' and/or device 'xc7a35t'
INFO: [Device 21-403] Loading part xc7a35tcsg324-1
INFO: [Designutils 20-5440] No compile time benefit to using incremental synthesis; A full resynthesis will be run
INFO: [Designutils 20-4379] Flow is switching to default flow due to incremental criteria not met. If you would like to alter this behaviour and have the flow terminate instead, please set the following parameter config_implementation {autoIncr.Synth.RejectBehavior Terminate}
INFO: [Synth 8-7079] Multithreading enabled for synth_design using a maximum of 2 processes.
INFO: [Synth 8-7078] Launching helper process for spawning children vivado processes
INFO: [Synth 8-7075] Helper process launched with PID 26752
WARNING: [Synth 8-8895] 'ALU_Hi' is already implicitly declared on line 249 [D:/Xilinx/Vivado/projects-ps/JMP_Predict_CPU/JMP_Predict_CPU.srcs/sources_1/new/CPU.v:254]
WARNING: [Synth 8-8895] 'ALU_Lo' is already implicitly declared on line 250 [D:/Xilinx/Vivado/projects-ps/JMP_Predict_CPU/JMP_Predict_CPU.srcs/sources_1/new/CPU.v:254]
WARNING: [Synth 8-6901] identifier 'actual_branchtaken' is used before its declaration [D:/Xilinx/Vivado/projects-ps/JMP_Predict_CPU/JMP_Predict_CPU.srcs/sources_1/new/CPU.v:36]
WARNING: [Synth 8-6901] identifier 'actual_target' is used before its declaration [D:/Xilinx/Vivado/projects-ps/JMP_Predict_CPU/JMP_Predict_CPU.srcs/sources_1/new/CPU.v:36]
WARNING: [Synth 8-6901] identifier 'PredictJump' is used before its declaration [D:/Xilinx/Vivado/projects-ps/JMP_Predict_CPU/JMP_Predict_CPU.srcs/sources_1/new/CPU.v:37]
WARNING: [Synth 8-6901] identifier 'target_addr' is used before its declaration [D:/Xilinx/Vivado/projects-ps/JMP_Predict_CPU/JMP_Predict_CPU.srcs/sources_1/new/CPU.v:37]
WARNING: [Synth 8-6901] identifier 'PredictJump_EX' is used before its declaration [D:/Xilinx/Vivado/projects-ps/JMP_Predict_CPU/JMP_Predict_CPU.srcs/sources_1/new/CPU.v:38]
WARNING: [Synth 8-6901] identifier 'actual_branchtaken' is used before its declaration [D:/Xilinx/Vivado/projects-ps/JMP_Predict_CPU/JMP_Predict_CPU.srcs/sources_1/new/CPU.v:38]
WARNING: [Synth 8-6901] identifier 'ALU_SRCA' is used before its declaration [D:/Xilinx/Vivado/projects-ps/JMP_Predict_CPU/JMP_Predict_CPU.srcs/sources_1/new/CPU.v:56]
WARNING: [Synth 8-6901] identifier 'MFLO_WB' is used before its declaration [D:/Xilinx/Vivado/projects-ps/JMP_Predict_CPU/JMP_Predict_CPU.srcs/sources_1/new/CPU.v:143]
WARNING: [Synth 8-6901] identifier 'Lo_WB' is used before its declaration [D:/Xilinx/Vivado/projects-ps/JMP_Predict_CPU/JMP_Predict_CPU.srcs/sources_1/new/CPU.v:143]
WARNING: [Synth 8-6901] identifier 'MFHI_WB' is used before its declaration [D:/Xilinx/Vivado/projects-ps/JMP_Predict_CPU/JMP_Predict_CPU.srcs/sources_1/new/CPU.v:144]
WARNING: [Synth 8-6901] identifier 'Hi_WB' is used before its declaration [D:/Xilinx/Vivado/projects-ps/JMP_Predict_CPU/JMP_Predict_CPU.srcs/sources_1/new/CPU.v:144]
WARNING: [Synth 8-6901] identifier 'MFLO_MEM' is used before its declaration [D:/Xilinx/Vivado/projects-ps/JMP_Predict_CPU/JMP_Predict_CPU.srcs/sources_1/new/CPU.v:234]
WARNING: [Synth 8-6901] identifier 'Lo_MEM' is used before its declaration [D:/Xilinx/Vivado/projects-ps/JMP_Predict_CPU/JMP_Predict_CPU.srcs/sources_1/new/CPU.v:234]
WARNING: [Synth 8-6901] identifier 'MFHI_MEM' is used before its declaration [D:/Xilinx/Vivado/projects-ps/JMP_Predict_CPU/JMP_Predict_CPU.srcs/sources_1/new/CPU.v:235]
WARNING: [Synth 8-6901] identifier 'Hi_MEM' is used before its declaration [D:/Xilinx/Vivado/projects-ps/JMP_Predict_CPU/JMP_Predict_CPU.srcs/sources_1/new/CPU.v:235]
---------------------------------------------------------------------------------
Starting RTL Elaboration : Time (s): cpu = 00:00:04 ; elapsed = 00:00:05 . Memory (MB): peak = 1294.809 ; gain = 0.000
---------------------------------------------------------------------------------
INFO: [Synth 8-6157] synthesizing module 'TOP' [D:/Xilinx/Vivado/projects-ps/JMP_Predict_CPU/JMP_Predict_CPU.srcs/sources_1/new/TOP.v:2]
INFO: [Synth 8-6157] synthesizing module 'CLK_DIV' [D:/Xilinx/Vivado/projects-ps/JMP_Predict_CPU/JMP_Predict_CPU.srcs/sources_1/new/CLK_DIV.v:2]
INFO: [Synth 8-6155] done synthesizing module 'CLK_DIV' (0#1) [D:/Xilinx/Vivado/projects-ps/JMP_Predict_CPU/JMP_Predict_CPU.srcs/sources_1/new/CLK_DIV.v:2]
INFO: [Synth 8-6157] synthesizing module 'CPU' [D:/Xilinx/Vivado/projects-ps/JMP_Predict_CPU/JMP_Predict_CPU.srcs/sources_1/new/CPU.v:2]
INFO: [Synth 8-6157] synthesizing module 'PC' [D:/Xilinx/Vivado/projects-ps/JMP_Predict_CPU/JMP_Predict_CPU.srcs/sources_1/new/PC.v:2]
INFO: [Synth 8-6155] done synthesizing module 'PC' (0#1) [D:/Xilinx/Vivado/projects-ps/JMP_Predict_CPU/JMP_Predict_CPU.srcs/sources_1/new/PC.v:2]
INFO: [Synth 8-6157] synthesizing module 'BPB' [D:/Xilinx/Vivado/projects-ps/JMP_Predict_CPU/JMP_Predict_CPU.srcs/sources_1/new/BPB.v:2]
INFO: [Synth 8-251] [BPB] BPB模块初始化完成，条目数=16 [D:/Xilinx/Vivado/projects-ps/JMP_Predict_CPU/JMP_Predict_CPU.srcs/sources_1/new/BPB.v:140]
INFO: [Synth 8-6155] done synthesizing module 'BPB' (0#1) [D:/Xilinx/Vivado/projects-ps/JMP_Predict_CPU/JMP_Predict_CPU.srcs/sources_1/new/BPB.v:2]
INFO: [Synth 8-638] synthesizing module 'CS_DRAM' [d:/Xilinx/Vivado/projects-ps/JMP_Predict_CPU/JMP_Predict_CPU.gen/sources_1/ip/CS_DRAM/synth/CS_DRAM.vhd:66]
	Parameter C_FAMILY bound to: artix7 - type: string 
	Parameter C_ADDR_WIDTH bound to: 10 - type: integer 
	Parameter C_DEFAULT_DATA bound to: 0 - type: string 
	Parameter C_DEPTH bound to: 1024 - type: integer 
	Parameter C_HAS_CLK bound to: 0 - type: integer 
	Parameter C_HAS_D bound to: 0 - type: integer 
	Parameter C_HAS_DPO bound to: 0 - type: integer 
	Parameter C_HAS_DPRA bound to: 0 - type: integer 
	Parameter C_HAS_I_CE bound to: 0 - type: integer 
	Parameter C_HAS_QDPO bound to: 0 - type: integer 
	Parameter C_HAS_QDPO_CE bound to: 0 - type: integer 
	Parameter C_HAS_QDPO_CLK bound to: 0 - type: integer 
	Parameter C_HAS_QDPO_RST bound to: 0 - type: integer 
	Parameter C_HAS_QDPO_SRST bound to: 0 - type: integer 
	Parameter C_HAS_QSPO bound to: 0 - type: integer 
	Parameter C_HAS_QSPO_CE bound to: 0 - type: integer 
	Parameter C_HAS_QSPO_RST bound to: 0 - type: integer 
	Parameter C_HAS_QSPO_SRST bound to: 0 - type: integer 
	Parameter C_HAS_SPO bound to: 1 - type: integer 
	Parameter C_HAS_WE bound to: 0 - type: integer 
	Parameter C_MEM_INIT_FILE bound to: CS_DRAM.mif - type: string 
	Parameter C_ELABORATION_DIR bound to: ./ - type: string 
	Parameter C_MEM_TYPE bound to: 0 - type: integer 
	Parameter C_PIPELINE_STAGES bound to: 0 - type: integer 
	Parameter C_QCE_JOINED bound to: 0 - type: integer 
	Parameter C_QUALIFY_WE bound to: 0 - type: integer 
	Parameter C_READ_MIF bound to: 1 - type: integer 
	Parameter C_REG_A_D_INPUTS bound to: 0 - type: integer 
	Parameter C_REG_DPRA_INPUT bound to: 0 - type: integer 
	Parameter C_SYNC_ENABLE bound to: 1 - type: integer 
	Parameter C_WIDTH bound to: 32 - type: integer 
	Parameter C_PARSER_TYPE bound to: 1 - type: integer 
INFO: [Synth 8-3491] module 'dist_mem_gen_v8_0_13' declared at 'd:/Xilinx/Vivado/projects-ps/JMP_Predict_CPU/JMP_Predict_CPU.gen/sources_1/ip/DS_DRAM/hdl/dist_mem_gen_v8_0_vhsyn_rfs.vhd:3237' bound to instance 'U0' of component 'dist_mem_gen_v8_0_13' [d:/Xilinx/Vivado/projects-ps/JMP_Predict_CPU/JMP_Predict_CPU.gen/sources_1/ip/CS_DRAM/synth/CS_DRAM.vhd:132]
INFO: [Synth 8-256] done synthesizing module 'CS_DRAM' (0#1) [d:/Xilinx/Vivado/projects-ps/JMP_Predict_CPU/JMP_Predict_CPU.gen/sources_1/ip/CS_DRAM/synth/CS_DRAM.vhd:66]
INFO: [Synth 8-6157] synthesizing module 'IFID' [D:/Xilinx/Vivado/projects-ps/JMP_Predict_CPU/JMP_Predict_CPU.srcs/sources_1/new/IFID.v:2]
INFO: [Synth 8-6155] done synthesizing module 'IFID' (0#1) [D:/Xilinx/Vivado/projects-ps/JMP_Predict_CPU/JMP_Predict_CPU.srcs/sources_1/new/IFID.v:2]
INFO: [Synth 8-6157] synthesizing module 'BubleDel' [D:/Xilinx/Vivado/projects-ps/JMP_Predict_CPU/JMP_Predict_CPU.srcs/sources_1/new/BubleDel.v:2]
INFO: [Synth 8-6155] done synthesizing module 'BubleDel' (0#1) [D:/Xilinx/Vivado/projects-ps/JMP_Predict_CPU/JMP_Predict_CPU.srcs/sources_1/new/BubleDel.v:2]
INFO: [Synth 8-6157] synthesizing module 'CU' [D:/Xilinx/Vivado/projects-ps/JMP_Predict_CPU/JMP_Predict_CPU.srcs/sources_1/new/CU.v:2]
INFO: [Synth 8-6155] done synthesizing module 'CU' (0#1) [D:/Xilinx/Vivado/projects-ps/JMP_Predict_CPU/JMP_Predict_CPU.srcs/sources_1/new/CU.v:2]
INFO: [Synth 8-6157] synthesizing module 'RegFile' [D:/Xilinx/Vivado/projects-ps/JMP_Predict_CPU/JMP_Predict_CPU.srcs/sources_1/new/RegFile.v:2]
INFO: [Synth 8-6155] done synthesizing module 'RegFile' (0#1) [D:/Xilinx/Vivado/projects-ps/JMP_Predict_CPU/JMP_Predict_CPU.srcs/sources_1/new/RegFile.v:2]
INFO: [Synth 8-6157] synthesizing module 'IDEX' [D:/Xilinx/Vivado/projects-ps/JMP_Predict_CPU/JMP_Predict_CPU.srcs/sources_1/new/IDEX.v:2]
INFO: [Synth 8-6155] done synthesizing module 'IDEX' (0#1) [D:/Xilinx/Vivado/projects-ps/JMP_Predict_CPU/JMP_Predict_CPU.srcs/sources_1/new/IDEX.v:2]
INFO: [Synth 8-6157] synthesizing module 'ALU' [D:/Xilinx/Vivado/projects-ps/JMP_Predict_CPU/JMP_Predict_CPU.srcs/sources_1/new/ALU.v:2]
INFO: [Synth 8-6155] done synthesizing module 'ALU' (0#1) [D:/Xilinx/Vivado/projects-ps/JMP_Predict_CPU/JMP_Predict_CPU.srcs/sources_1/new/ALU.v:2]
INFO: [Synth 8-6157] synthesizing module 'Hi_reg' [D:/Xilinx/Vivado/projects-ps/JMP_Predict_CPU/JMP_Predict_CPU.srcs/sources_1/new/Hi_reg.v:2]
INFO: [Synth 8-6155] done synthesizing module 'Hi_reg' (0#1) [D:/Xilinx/Vivado/projects-ps/JMP_Predict_CPU/JMP_Predict_CPU.srcs/sources_1/new/Hi_reg.v:2]
INFO: [Synth 8-6157] synthesizing module 'Lo_reg' [D:/Xilinx/Vivado/projects-ps/JMP_Predict_CPU/JMP_Predict_CPU.srcs/sources_1/new/Lo_reg.v:2]
INFO: [Synth 8-6155] done synthesizing module 'Lo_reg' (0#1) [D:/Xilinx/Vivado/projects-ps/JMP_Predict_CPU/JMP_Predict_CPU.srcs/sources_1/new/Lo_reg.v:2]
INFO: [Synth 8-6157] synthesizing module 'EXMEM' [D:/Xilinx/Vivado/projects-ps/JMP_Predict_CPU/JMP_Predict_CPU.srcs/sources_1/new/EXMEM.v:2]
INFO: [Synth 8-6155] done synthesizing module 'EXMEM' (0#1) [D:/Xilinx/Vivado/projects-ps/JMP_Predict_CPU/JMP_Predict_CPU.srcs/sources_1/new/EXMEM.v:2]
INFO: [Synth 8-638] synthesizing module 'DS_DRAM' [d:/Xilinx/Vivado/projects-ps/JMP_Predict_CPU/JMP_Predict_CPU.gen/sources_1/ip/DS_DRAM/synth/DS_DRAM.vhd:69]
	Parameter C_FAMILY bound to: artix7 - type: string 
	Parameter C_ADDR_WIDTH bound to: 10 - type: integer 
	Parameter C_DEFAULT_DATA bound to: 0 - type: string 
	Parameter C_DEPTH bound to: 1024 - type: integer 
	Parameter C_HAS_CLK bound to: 1 - type: integer 
	Parameter C_HAS_D bound to: 1 - type: integer 
	Parameter C_HAS_DPO bound to: 0 - type: integer 
	Parameter C_HAS_DPRA bound to: 0 - type: integer 
	Parameter C_HAS_I_CE bound to: 0 - type: integer 
	Parameter C_HAS_QDPO bound to: 0 - type: integer 
	Parameter C_HAS_QDPO_CE bound to: 0 - type: integer 
	Parameter C_HAS_QDPO_CLK bound to: 0 - type: integer 
	Parameter C_HAS_QDPO_RST bound to: 0 - type: integer 
	Parameter C_HAS_QDPO_SRST bound to: 0 - type: integer 
	Parameter C_HAS_QSPO bound to: 0 - type: integer 
	Parameter C_HAS_QSPO_CE bound to: 0 - type: integer 
	Parameter C_HAS_QSPO_RST bound to: 0 - type: integer 
	Parameter C_HAS_QSPO_SRST bound to: 0 - type: integer 
	Parameter C_HAS_SPO bound to: 1 - type: integer 
	Parameter C_HAS_WE bound to: 1 - type: integer 
	Parameter C_MEM_INIT_FILE bound to: no_coe_file_loaded - type: string 
	Parameter C_ELABORATION_DIR bound to: ./ - type: string 
	Parameter C_MEM_TYPE bound to: 1 - type: integer 
	Parameter C_PIPELINE_STAGES bound to: 0 - type: integer 
	Parameter C_QCE_JOINED bound to: 0 - type: integer 
	Parameter C_QUALIFY_WE bound to: 0 - type: integer 
	Parameter C_READ_MIF bound to: 0 - type: integer 
	Parameter C_REG_A_D_INPUTS bound to: 0 - type: integer 
	Parameter C_REG_DPRA_INPUT bound to: 0 - type: integer 
	Parameter C_SYNC_ENABLE bound to: 1 - type: integer 
	Parameter C_WIDTH bound to: 32 - type: integer 
	Parameter C_PARSER_TYPE bound to: 1 - type: integer 
INFO: [Synth 8-3491] module 'dist_mem_gen_v8_0_13' declared at 'd:/Xilinx/Vivado/projects-ps/JMP_Predict_CPU/JMP_Predict_CPU.gen/sources_1/ip/DS_DRAM/hdl/dist_mem_gen_v8_0_vhsyn_rfs.vhd:3237' bound to instance 'U0' of component 'dist_mem_gen_v8_0_13' [d:/Xilinx/Vivado/projects-ps/JMP_Predict_CPU/JMP_Predict_CPU.gen/sources_1/ip/DS_DRAM/synth/DS_DRAM.vhd:135]
INFO: [Synth 8-256] done synthesizing module 'DS_DRAM' (0#1) [d:/Xilinx/Vivado/projects-ps/JMP_Predict_CPU/JMP_Predict_CPU.gen/sources_1/ip/DS_DRAM/synth/DS_DRAM.vhd:69]
INFO: [Synth 8-6157] synthesizing module 'MEMWB' [D:/Xilinx/Vivado/projects-ps/JMP_Predict_CPU/JMP_Predict_CPU.srcs/sources_1/new/MEMWB.v:2]
INFO: [Synth 8-6155] done synthesizing module 'MEMWB' (0#1) [D:/Xilinx/Vivado/projects-ps/JMP_Predict_CPU/JMP_Predict_CPU.srcs/sources_1/new/MEMWB.v:2]
INFO: [Synth 8-6155] done synthesizing module 'CPU' (0#1) [D:/Xilinx/Vivado/projects-ps/JMP_Predict_CPU/JMP_Predict_CPU.srcs/sources_1/new/CPU.v:2]
INFO: [Synth 8-6157] synthesizing module 'DISPLAY' [D:/Xilinx/Vivado/projects-ps/JMP_Predict_CPU/JMP_Predict_CPU.srcs/sources_1/new/DISPLAY.v:2]
INFO: [Synth 8-6157] synthesizing module 'seg7' [D:/Xilinx/Vivado/projects-ps/JMP_Predict_CPU/JMP_Predict_CPU.srcs/sources_1/new/DISPLAY.v:42]
INFO: [Synth 8-6155] done synthesizing module 'seg7' (0#1) [D:/Xilinx/Vivado/projects-ps/JMP_Predict_CPU/JMP_Predict_CPU.srcs/sources_1/new/DISPLAY.v:42]
INFO: [Synth 8-6155] done synthesizing module 'DISPLAY' (0#1) [D:/Xilinx/Vivado/projects-ps/JMP_Predict_CPU/JMP_Predict_CPU.srcs/sources_1/new/DISPLAY.v:2]
INFO: [Synth 8-6155] done synthesizing module 'TOP' (0#1) [D:/Xilinx/Vivado/projects-ps/JMP_Predict_CPU/JMP_Predict_CPU.srcs/sources_1/new/TOP.v:2]
WARNING: [Synth 8-6014] Unused sequential element found_index_reg was removed.  [D:/Xilinx/Vivado/projects-ps/JMP_Predict_CPU/JMP_Predict_CPU.srcs/sources_1/new/BPB.v:159]
WARNING: [Synth 8-6014] Unused sequential element found_flag_reg was removed.  [D:/Xilinx/Vivado/projects-ps/JMP_Predict_CPU/JMP_Predict_CPU.srcs/sources_1/new/BPB.v:160]
WARNING: [Synth 8-6014] Unused sequential element old_state_reg was removed.  [D:/Xilinx/Vivado/projects-ps/JMP_Predict_CPU/JMP_Predict_CPU.srcs/sources_1/new/BPB.v:172]
WARNING: [Synth 8-6014] Unused sequential element replace_index_reg was removed.  [D:/Xilinx/Vivado/projects-ps/JMP_Predict_CPU/JMP_Predict_CPU.srcs/sources_1/new/BPB.v:211]
WARNING: [Synth 8-6014] Unused sequential element mem_reg[1] was removed.  [D:/Xilinx/Vivado/projects-ps/JMP_Predict_CPU/JMP_Predict_CPU.srcs/sources_1/new/Hi_reg.v:12]
WARNING: [Synth 8-6014] Unused sequential element mem_reg[1] was removed.  [D:/Xilinx/Vivado/projects-ps/JMP_Predict_CPU/JMP_Predict_CPU.srcs/sources_1/new/Lo_reg.v:12]
WARNING: [Synth 8-7129] Port qspo[31] in module spram is either unconnected or has no load
WARNING: [Synth 8-7129] Port qspo[30] in module spram is either unconnected or has no load
WARNING: [Synth 8-7129] Port qspo[29] in module spram is either unconnected or has no load
WARNING: [Synth 8-7129] Port qspo[28] in module spram is either unconnected or has no load
WARNING: [Synth 8-7129] Port qspo[27] in module spram is either unconnected or has no load
WARNING: [Synth 8-7129] Port qspo[26] in module spram is either unconnected or has no load
WARNING: [Synth 8-7129] Port qspo[25] in module spram is either unconnected or has no load
WARNING: [Synth 8-7129] Port qspo[24] in module spram is either unconnected or has no load
WARNING: [Synth 8-7129] Port qspo[23] in module spram is either unconnected or has no load
WARNING: [Synth 8-7129] Port qspo[22] in module spram is either unconnected or has no load
WARNING: [Synth 8-7129] Port qspo[21] in module spram is either unconnected or has no load
WARNING: [Synth 8-7129] Port qspo[20] in module spram is either unconnected or has no load
WARNING: [Synth 8-7129] Port qspo[19] in module spram is either unconnected or has no load
WARNING: [Synth 8-7129] Port qspo[18] in module spram is either unconnected or has no load
WARNING: [Synth 8-7129] Port qspo[17] in module spram is either unconnected or has no load
WARNING: [Synth 8-7129] Port qspo[16] in module spram is either unconnected or has no load
WARNING: [Synth 8-7129] Port qspo[15] in module spram is either unconnected or has no load
WARNING: [Synth 8-7129] Port qspo[14] in module spram is either unconnected or has no load
WARNING: [Synth 8-7129] Port qspo[13] in module spram is either unconnected or has no load
WARNING: [Synth 8-7129] Port qspo[12] in module spram is either unconnected or has no load
WARNING: [Synth 8-7129] Port qspo[11] in module spram is either unconnected or has no load
WARNING: [Synth 8-7129] Port qspo[10] in module spram is either unconnected or has no load
WARNING: [Synth 8-7129] Port qspo[9] in module spram is either unconnected or has no load
WARNING: [Synth 8-7129] Port qspo[8] in module spram is either unconnected or has no load
WARNING: [Synth 8-7129] Port qspo[7] in module spram is either unconnected or has no load
WARNING: [Synth 8-7129] Port qspo[6] in module spram is either unconnected or has no load
WARNING: [Synth 8-7129] Port qspo[5] in module spram is either unconnected or has no load
WARNING: [Synth 8-7129] Port qspo[4] in module spram is either unconnected or has no load
WARNING: [Synth 8-7129] Port qspo[3] in module spram is either unconnected or has no load
WARNING: [Synth 8-7129] Port qspo[2] in module spram is either unconnected or has no load
WARNING: [Synth 8-7129] Port qspo[1] in module spram is either unconnected or has no load
WARNING: [Synth 8-7129] Port qspo[0] in module spram is either unconnected or has no load
WARNING: [Synth 8-7129] Port i_ce in module spram is either unconnected or has no load
WARNING: [Synth 8-7129] Port qspo_ce in module spram is either unconnected or has no load
WARNING: [Synth 8-7129] Port qspo_rst in module spram is either unconnected or has no load
WARNING: [Synth 8-7129] Port qspo_srst in module spram is either unconnected or has no load
WARNING: [Synth 8-7129] Port dpo[31] in module dist_mem_gen_v8_0_13_synth__parameterized0 is either unconnected or has no load
WARNING: [Synth 8-7129] Port dpo[30] in module dist_mem_gen_v8_0_13_synth__parameterized0 is either unconnected or has no load
WARNING: [Synth 8-7129] Port dpo[29] in module dist_mem_gen_v8_0_13_synth__parameterized0 is either unconnected or has no load
WARNING: [Synth 8-7129] Port dpo[28] in module dist_mem_gen_v8_0_13_synth__parameterized0 is either unconnected or has no load
WARNING: [Synth 8-7129] Port dpo[27] in module dist_mem_gen_v8_0_13_synth__parameterized0 is either unconnected or has no load
WARNING: [Synth 8-7129] Port dpo[26] in module dist_mem_gen_v8_0_13_synth__parameterized0 is either unconnected or has no load
WARNING: [Synth 8-7129] Port dpo[25] in module dist_mem_gen_v8_0_13_synth__parameterized0 is either unconnected or has no load
WARNING: [Synth 8-7129] Port dpo[24] in module dist_mem_gen_v8_0_13_synth__parameterized0 is either unconnected or has no load
WARNING: [Synth 8-7129] Port dpo[23] in module dist_mem_gen_v8_0_13_synth__parameterized0 is either unconnected or has no load
WARNING: [Synth 8-7129] Port dpo[22] in module dist_mem_gen_v8_0_13_synth__parameterized0 is either unconnected or has no load
WARNING: [Synth 8-7129] Port dpo[21] in module dist_mem_gen_v8_0_13_synth__parameterized0 is either unconnected or has no load
WARNING: [Synth 8-7129] Port dpo[20] in module dist_mem_gen_v8_0_13_synth__parameterized0 is either unconnected or has no load
WARNING: [Synth 8-7129] Port dpo[19] in module dist_mem_gen_v8_0_13_synth__parameterized0 is either unconnected or has no load
WARNING: [Synth 8-7129] Port dpo[18] in module dist_mem_gen_v8_0_13_synth__parameterized0 is either unconnected or has no load
WARNING: [Synth 8-7129] Port dpo[17] in module dist_mem_gen_v8_0_13_synth__parameterized0 is either unconnected or has no load
WARNING: [Synth 8-7129] Port dpo[16] in module dist_mem_gen_v8_0_13_synth__parameterized0 is either unconnected or has no load
WARNING: [Synth 8-7129] Port dpo[15] in module dist_mem_gen_v8_0_13_synth__parameterized0 is either unconnected or has no load
WARNING: [Synth 8-7129] Port dpo[14] in module dist_mem_gen_v8_0_13_synth__parameterized0 is either unconnected or has no load
WARNING: [Synth 8-7129] Port dpo[13] in module dist_mem_gen_v8_0_13_synth__parameterized0 is either unconnected or has no load
WARNING: [Synth 8-7129] Port dpo[12] in module dist_mem_gen_v8_0_13_synth__parameterized0 is either unconnected or has no load
WARNING: [Synth 8-7129] Port dpo[11] in module dist_mem_gen_v8_0_13_synth__parameterized0 is either unconnected or has no load
WARNING: [Synth 8-7129] Port dpo[10] in module dist_mem_gen_v8_0_13_synth__parameterized0 is either unconnected or has no load
WARNING: [Synth 8-7129] Port dpo[9] in module dist_mem_gen_v8_0_13_synth__parameterized0 is either unconnected or has no load
WARNING: [Synth 8-7129] Port dpo[8] in module dist_mem_gen_v8_0_13_synth__parameterized0 is either unconnected or has no load
WARNING: [Synth 8-7129] Port dpo[7] in module dist_mem_gen_v8_0_13_synth__parameterized0 is either unconnected or has no load
WARNING: [Synth 8-7129] Port dpo[6] in module dist_mem_gen_v8_0_13_synth__parameterized0 is either unconnected or has no load
WARNING: [Synth 8-7129] Port dpo[5] in module dist_mem_gen_v8_0_13_synth__parameterized0 is either unconnected or has no load
WARNING: [Synth 8-7129] Port dpo[4] in module dist_mem_gen_v8_0_13_synth__parameterized0 is either unconnected or has no load
WARNING: [Synth 8-7129] Port dpo[3] in module dist_mem_gen_v8_0_13_synth__parameterized0 is either unconnected or has no load
WARNING: [Synth 8-7129] Port dpo[2] in module dist_mem_gen_v8_0_13_synth__parameterized0 is either unconnected or has no load
WARNING: [Synth 8-7129] Port dpo[1] in module dist_mem_gen_v8_0_13_synth__parameterized0 is either unconnected or has no load
WARNING: [Synth 8-7129] Port dpo[0] in module dist_mem_gen_v8_0_13_synth__parameterized0 is either unconnected or has no load
WARNING: [Synth 8-7129] Port qdpo[31] in module dist_mem_gen_v8_0_13_synth__parameterized0 is either unconnected or has no load
WARNING: [Synth 8-7129] Port qdpo[30] in module dist_mem_gen_v8_0_13_synth__parameterized0 is either unconnected or has no load
WARNING: [Synth 8-7129] Port qdpo[29] in module dist_mem_gen_v8_0_13_synth__parameterized0 is either unconnected or has no load
WARNING: [Synth 8-7129] Port qdpo[28] in module dist_mem_gen_v8_0_13_synth__parameterized0 is either unconnected or has no load
WARNING: [Synth 8-7129] Port qdpo[27] in module dist_mem_gen_v8_0_13_synth__parameterized0 is either unconnected or has no load
WARNING: [Synth 8-7129] Port qdpo[26] in module dist_mem_gen_v8_0_13_synth__parameterized0 is either unconnected or has no load
WARNING: [Synth 8-7129] Port qdpo[25] in module dist_mem_gen_v8_0_13_synth__parameterized0 is either unconnected or has no load
WARNING: [Synth 8-7129] Port qdpo[24] in module dist_mem_gen_v8_0_13_synth__parameterized0 is either unconnected or has no load
WARNING: [Synth 8-7129] Port qdpo[23] in module dist_mem_gen_v8_0_13_synth__parameterized0 is either unconnected or has no load
WARNING: [Synth 8-7129] Port qdpo[22] in module dist_mem_gen_v8_0_13_synth__parameterized0 is either unconnected or has no load
WARNING: [Synth 8-7129] Port qdpo[21] in module dist_mem_gen_v8_0_13_synth__parameterized0 is either unconnected or has no load
WARNING: [Synth 8-7129] Port qdpo[20] in module dist_mem_gen_v8_0_13_synth__parameterized0 is either unconnected or has no load
WARNING: [Synth 8-7129] Port qdpo[19] in module dist_mem_gen_v8_0_13_synth__parameterized0 is either unconnected or has no load
WARNING: [Synth 8-7129] Port qdpo[18] in module dist_mem_gen_v8_0_13_synth__parameterized0 is either unconnected or has no load
WARNING: [Synth 8-7129] Port qdpo[17] in module dist_mem_gen_v8_0_13_synth__parameterized0 is either unconnected or has no load
WARNING: [Synth 8-7129] Port qdpo[16] in module dist_mem_gen_v8_0_13_synth__parameterized0 is either unconnected or has no load
WARNING: [Synth 8-7129] Port qdpo[15] in module dist_mem_gen_v8_0_13_synth__parameterized0 is either unconnected or has no load
WARNING: [Synth 8-7129] Port qdpo[14] in module dist_mem_gen_v8_0_13_synth__parameterized0 is either unconnected or has no load
WARNING: [Synth 8-7129] Port qdpo[13] in module dist_mem_gen_v8_0_13_synth__parameterized0 is either unconnected or has no load
WARNING: [Synth 8-7129] Port qdpo[12] in module dist_mem_gen_v8_0_13_synth__parameterized0 is either unconnected or has no load
WARNING: [Synth 8-7129] Port qdpo[11] in module dist_mem_gen_v8_0_13_synth__parameterized0 is either unconnected or has no load
WARNING: [Synth 8-7129] Port qdpo[10] in module dist_mem_gen_v8_0_13_synth__parameterized0 is either unconnected or has no load
WARNING: [Synth 8-7129] Port qdpo[9] in module dist_mem_gen_v8_0_13_synth__parameterized0 is either unconnected or has no load
WARNING: [Synth 8-7129] Port qdpo[8] in module dist_mem_gen_v8_0_13_synth__parameterized0 is either unconnected or has no load
WARNING: [Synth 8-7129] Port qdpo[7] in module dist_mem_gen_v8_0_13_synth__parameterized0 is either unconnected or has no load
WARNING: [Synth 8-7129] Port qdpo[6] in module dist_mem_gen_v8_0_13_synth__parameterized0 is either unconnected or has no load
WARNING: [Synth 8-7129] Port qdpo[5] in module dist_mem_gen_v8_0_13_synth__parameterized0 is either unconnected or has no load
WARNING: [Synth 8-7129] Port qdpo[4] in module dist_mem_gen_v8_0_13_synth__parameterized0 is either unconnected or has no load
WARNING: [Synth 8-7129] Port qdpo[3] in module dist_mem_gen_v8_0_13_synth__parameterized0 is either unconnected or has no load
WARNING: [Synth 8-7129] Port qdpo[2] in module dist_mem_gen_v8_0_13_synth__parameterized0 is either unconnected or has no load
WARNING: [Synth 8-7129] Port qdpo[1] in module dist_mem_gen_v8_0_13_synth__parameterized0 is either unconnected or has no load
WARNING: [Synth 8-7129] Port qdpo[0] in module dist_mem_gen_v8_0_13_synth__parameterized0 is either unconnected or has no load
INFO: [Common 17-14] Message 'Synth 8-7129' appears 100 times and further instances of the messages will be disabled. Use the Tcl command set_msg_config to change the current settings.
---------------------------------------------------------------------------------
Finished RTL Elaboration : Time (s): cpu = 00:00:06 ; elapsed = 00:00:07 . Memory (MB): peak = 1294.809 ; gain = 0.000
---------------------------------------------------------------------------------
---------------------------------------------------------------------------------
Start Handling Custom Attributes
---------------------------------------------------------------------------------
---------------------------------------------------------------------------------
Finished Handling Custom Attributes : Time (s): cpu = 00:00:06 ; elapsed = 00:00:07 . Memory (MB): peak = 1294.809 ; gain = 0.000
---------------------------------------------------------------------------------
---------------------------------------------------------------------------------
Finished RTL Optimization Phase 1 : Time (s): cpu = 00:00:06 ; elapsed = 00:00:07 . Memory (MB): peak = 1294.809 ; gain = 0.000
---------------------------------------------------------------------------------
Netlist sorting complete. Time (s): cpu = 00:00:01 ; elapsed = 00:00:00.047 . Memory (MB): peak = 1294.809 ; gain = 0.000
INFO: [Project 1-570] Preparing netlist for logic optimization

Processing XDC Constraints
Initializing timing engine
Parsing XDC File [D:/Xilinx/Vivado/projects-ps/JMP_Predict_CPU/JMP_Predict_CPU.srcs/constrs_1/new/con_cpu.xdc]
Finished Parsing XDC File [D:/Xilinx/Vivado/projects-ps/JMP_Predict_CPU/JMP_Predict_CPU.srcs/constrs_1/new/con_cpu.xdc]
INFO: [Project 1-236] Implementation specific constraints were found while reading constraint file [D:/Xilinx/Vivado/projects-ps/JMP_Predict_CPU/JMP_Predict_CPU.srcs/constrs_1/new/con_cpu.xdc]. These constraints will be ignored for synthesis but will be used in implementation. Impacted constraints are listed in the file [.Xil/TOP_propImpl.xdc].
Resolution: To avoid this warning, move constraints listed in [.Xil/TOP_propImpl.xdc] to another XDC file and exclude this new file from synthesis with the used_in_synthesis property (File Properties dialog in GUI) and re-run elaboration/synthesis.
Parsing XDC File [D:/Xilinx/Vivado/projects-ps/JMP_Predict_CPU/JMP_Predict_CPU.runs/synth_1/dont_touch.xdc]
Finished Parsing XDC File [D:/Xilinx/Vivado/projects-ps/JMP_Predict_CPU/JMP_Predict_CPU.runs/synth_1/dont_touch.xdc]
Completed Processing XDC Constraints

Netlist sorting complete. Time (s): cpu = 00:00:00 ; elapsed = 00:00:00.001 . Memory (MB): peak = 1359.383 ; gain = 0.000
INFO: [Project 1-111] Unisim Transformation Summary:
No Unisim elements were transformed.

Constraint Validation Runtime : Time (s): cpu = 00:00:00 ; elapsed = 00:00:00.019 . Memory (MB): peak = 1359.383 ; gain = 0.000
INFO: [Designutils 20-5440] No compile time benefit to using incremental synthesis; A full resynthesis will be run
INFO: [Designutils 20-4379] Flow is switching to default flow due to incremental criteria not met. If you would like to alter this behaviour and have the flow terminate instead, please set the following parameter config_implementation {autoIncr.Synth.RejectBehavior Terminate}
---------------------------------------------------------------------------------
Finished Constraint Validation : Time (s): cpu = 00:00:13 ; elapsed = 00:00:15 . Memory (MB): peak = 1359.383 ; gain = 64.574
---------------------------------------------------------------------------------
---------------------------------------------------------------------------------
Start Loading Part and Timing Information
---------------------------------------------------------------------------------
Loading part: xc7a35tcsg324-1
---------------------------------------------------------------------------------
Finished Loading Part and Timing Information : Time (s): cpu = 00:00:13 ; elapsed = 00:00:15 . Memory (MB): peak = 1359.383 ; gain = 64.574
---------------------------------------------------------------------------------
---------------------------------------------------------------------------------
Start Applying 'set_property' XDC Constraints
---------------------------------------------------------------------------------
Applied set_property KEEP_HIERARCHY = SOFT for CPU_U/DS_0. (constraint file  auto generated constraint).
Applied set_property KEEP_HIERARCHY = SOFT for CPU_U/CS_0. (constraint file  auto generated constraint).
---------------------------------------------------------------------------------
Finished applying 'set_property' XDC Constraints : Time (s): cpu = 00:00:13 ; elapsed = 00:00:15 . Memory (MB): peak = 1359.383 ; gain = 64.574
---------------------------------------------------------------------------------
---------------------------------------------------------------------------------
Finished RTL Optimization Phase 2 : Time (s): cpu = 00:00:15 ; elapsed = 00:00:16 . Memory (MB): peak = 1359.383 ; gain = 64.574
---------------------------------------------------------------------------------
---------------------------------------------------------------------------------
Start RTL Component Statistics 
---------------------------------------------------------------------------------
Detailed RTL Component Info : 
+---Adders : 
	   2 Input   64 Bit       Adders := 3     
	   2 Input   32 Bit       Adders := 7     
	   3 Input   32 Bit       Adders := 1     
	   2 Input   16 Bit       Adders := 1     
	   2 Input    4 Bit       Adders := 17    
+---XORs : 
	   2 Input      1 Bit         XORs := 1     
+---Registers : 
	               32 Bit    Registers := 42    
	               20 Bit    Registers := 16    
	               16 Bit    Registers := 1     
	                5 Bit    Registers := 4     
	                4 Bit    Registers := 19    
	                2 Bit    Registers := 18    
	                1 Bit    Registers := 52    
+---Muxes : 
	   2 Input   64 Bit        Muxes := 1     
	   2 Input   32 Bit        Muxes := 24    
	   3 Input   32 Bit        Muxes := 2     
	   2 Input   31 Bit        Muxes := 1     
	   2 Input   30 Bit        Muxes := 1     
	   2 Input   29 Bit        Muxes := 1     
	   2 Input   28 Bit        Muxes := 1     
	   2 Input   27 Bit        Muxes := 1     
	   2 Input   26 Bit        Muxes := 1     
	   2 Input   25 Bit        Muxes := 1     
	   2 Input   24 Bit        Muxes := 1     
	   2 Input   23 Bit        Muxes := 1     
	   2 Input   22 Bit        Muxes := 1     
	   2 Input   21 Bit        Muxes := 1     
	   2 Input   20 Bit        Muxes := 1     
	   2 Input   19 Bit        Muxes := 1     
	   2 Input   18 Bit        Muxes := 1     
	   2 Input   17 Bit        Muxes := 1     
	   2 Input   16 Bit        Muxes := 18    
	  16 Input   16 Bit        Muxes := 1     
	   2 Input   15 Bit        Muxes := 1     
	   2 Input   14 Bit        Muxes := 1     
	   2 Input   13 Bit        Muxes := 1     
	   2 Input   12 Bit        Muxes := 1     
	   2 Input   11 Bit        Muxes := 1     
	   2 Input   10 Bit        Muxes := 1     
	   2 Input    9 Bit        Muxes := 1     
	   2 Input    8 Bit        Muxes := 1     
	   2 Input    7 Bit        Muxes := 1     
	   2 Input    6 Bit        Muxes := 1     
	   2 Input    5 Bit        Muxes := 8     
	   2 Input    4 Bit        Muxes := 66    
	  32 Input    4 Bit        Muxes := 1     
	   2 Input    3 Bit        Muxes := 1     
	   2 Input    2 Bit        Muxes := 6     
	   6 Input    2 Bit        Muxes := 1     
	   2 Input    1 Bit        Muxes := 134   
	   3 Input    1 Bit        Muxes := 1     
---------------------------------------------------------------------------------
Finished RTL Component Statistics 
---------------------------------------------------------------------------------
---------------------------------------------------------------------------------
Start Part Resource Summary
---------------------------------------------------------------------------------
Part Resources:
DSPs: 90 (col length:60)
BRAMs: 100 (col length: RAMB18 60 RAMB36 30)
---------------------------------------------------------------------------------
Finished Part Resource Summary
---------------------------------------------------------------------------------
---------------------------------------------------------------------------------
Start Cross Boundary and Area Optimization
---------------------------------------------------------------------------------
WARNING: [Synth 8-7080] Parallel synthesis criteria is not met
Why this net has no driver: _order_recur <const0>
DSP Report: Generating DSP mult_result_u, operation Mode is: A*B.
DSP Report: operator mult_result_u is absorbed into DSP mult_result_u.
DSP Report: operator mult_result_u is absorbed into DSP mult_result_u.
DSP Report: Generating DSP mult_result_u, operation Mode is: (PCIN>>17)+A*B.
DSP Report: operator mult_result_u is absorbed into DSP mult_result_u.
DSP Report: operator mult_result_u is absorbed into DSP mult_result_u.
DSP Report: Generating DSP mult_result_u, operation Mode is: A*B.
DSP Report: operator mult_result_u is absorbed into DSP mult_result_u.
DSP Report: operator mult_result_u is absorbed into DSP mult_result_u.
DSP Report: Generating DSP mult_result_u, operation Mode is: (PCIN>>17)+A*B.
DSP Report: operator mult_result_u is absorbed into DSP mult_result_u.
DSP Report: operator mult_result_u is absorbed into DSP mult_result_u.
DSP Report: Generating DSP mult_result2, operation Mode is: A*B.
DSP Report: operator mult_result2 is absorbed into DSP mult_result2.
DSP Report: operator mult_result2 is absorbed into DSP mult_result2.
DSP Report: Generating DSP mult_result2, operation Mode is: (PCIN>>17)+A*B.
DSP Report: operator mult_result2 is absorbed into DSP mult_result2.
DSP Report: operator mult_result2 is absorbed into DSP mult_result2.
DSP Report: Generating DSP mult_result2, operation Mode is: A*B.
DSP Report: operator mult_result2 is absorbed into DSP mult_result2.
DSP Report: operator mult_result2 is absorbed into DSP mult_result2.
DSP Report: Generating DSP mult_result2, operation Mode is: (PCIN>>17)+A*B.
DSP Report: operator mult_result2 is absorbed into DSP mult_result2.
DSP Report: operator mult_result2 is absorbed into DSP mult_result2.
WARNING: [Synth 8-3917] design TOP has port seg_l[7] driven by constant 0
WARNING: [Synth 8-3917] design TOP has port seg_r[7] driven by constant 0
---------------------------------------------------------------------------------
Finished Cross Boundary and Area Optimization : Time (s): cpu = 00:00:54 ; elapsed = 00:00:56 . Memory (MB): peak = 1473.281 ; gain = 178.473
---------------------------------------------------------------------------------
---------------------------------------------------------------------------------
Start ROM, RAM, DSP, Shift Register and Retiming Reporting
---------------------------------------------------------------------------------

ROM: Preliminary Mapping Report
+---------------------+--------------------------------------------------------+---------------+----------------+
|Module Name          | RTL Object                                             | Depth x Width | Implemented As | 
+---------------------+--------------------------------------------------------+---------------+----------------+
|rom                  | rom[1023]                                              | 1024x30       | LUT            | 
|dist_mem_gen_v8_0_13 | synth_options.dist_mem_inst/gen_rom.rom_inst/rom[1023] | 1024x30       | LUT            | 
+---------------------+--------------------------------------------------------+---------------+----------------+


Distributed RAM: Preliminary Mapping Report (see note below)
+----------------+-----------------------------------------------------------+-----------+----------------------+------------------+
|Module Name     | RTL Object                                                | Inference | Size (Depth x Width) | Primitives       | 
+----------------+-----------------------------------------------------------+-----------+----------------------+------------------+
|TOP             | CPU_U/REGFILE_0/MEM_reg                                   | Implied   | 32 x 32              | RAM32M x 12      | 
|\CPU_U/DS_0 /U0 | synth_options.dist_mem_inst/gen_sp_ram.spram_inst/ram_reg | Implied   | 1 K x 32             | RAM256X1S x 128  | 
+----------------+-----------------------------------------------------------+-----------+----------------------+------------------+

Note: The table above is a preliminary report that shows the Distributed RAMs at the current stage of the synthesis flow. Some Distributed RAMs may be reimplemented as non Distributed RAM primitives later in the synthesis flow. Multiple instantiated RAMs are reported only once.

DSP: Preliminary Mapping Report (see note below. The ' indicates corresponding REG is set)
+------------+----------------+--------+--------+--------+--------+--------+------+------+------+------+-------+------+------+
|Module Name | DSP Mapping    | A Size | B Size | C Size | D Size | P Size | AREG | BREG | CREG | DREG | ADREG | MREG | PREG | 
+------------+----------------+--------+--------+--------+--------+--------+------+------+------+------+-------+------+------+
|ALU         | A*B            | 18     | 16     | -      | -      | 48     | 0    | 0    | -    | -    | -     | 0    | 0    | 
|ALU         | (PCIN>>17)+A*B | 16     | 16     | -      | -      | 30     | 0    | 0    | -    | -    | -     | 0    | 0    | 
|ALU         | A*B            | 18     | 18     | -      | -      | 48     | 0    | 0    | -    | -    | -     | 0    | 0    | 
|ALU         | (PCIN>>17)+A*B | 18     | 16     | -      | -      | 47     | 0    | 0    | -    | -    | -     | 0    | 0    | 
|ALU         | A*B            | 18     | 16     | -      | -      | 48     | 0    | 0    | -    | -    | -     | 0    | 0    | 
|ALU         | (PCIN>>17)+A*B | 16     | 16     | -      | -      | 30     | 0    | 0    | -    | -    | -     | 0    | 0    | 
|ALU         | A*B            | 18     | 18     | -      | -      | 48     | 0    | 0    | -    | -    | -     | 0    | 0    | 
|ALU         | (PCIN>>17)+A*B | 18     | 16     | -      | -      | 47     | 0    | 0    | -    | -    | -     | 0    | 0    | 
+------------+----------------+--------+--------+--------+--------+--------+------+------+------+------+-------+------+------+

Note: The table above is a preliminary report that shows the DSPs inferred at the current stage of the synthesis flow. Some DSP may be reimplemented as non DSP primitives later in the synthesis flow. Multiple instantiated DSPs are reported only once.
---------------------------------------------------------------------------------
Finished ROM, RAM, DSP, Shift Register and Retiming Reporting
---------------------------------------------------------------------------------
---------------------------------------------------------------------------------
Start Applying XDC Timing Constraints
---------------------------------------------------------------------------------
---------------------------------------------------------------------------------
Finished Applying XDC Timing Constraints : Time (s): cpu = 00:01:00 ; elapsed = 00:01:01 . Memory (MB): peak = 1473.281 ; gain = 178.473
---------------------------------------------------------------------------------
---------------------------------------------------------------------------------
Start Timing Optimization
---------------------------------------------------------------------------------
---------------------------------------------------------------------------------
Finished Timing Optimization : Time (s): cpu = 00:01:01 ; elapsed = 00:01:03 . Memory (MB): peak = 1473.281 ; gain = 178.473
---------------------------------------------------------------------------------
---------------------------------------------------------------------------------
Start ROM, RAM, DSP, Shift Register and Retiming Reporting
---------------------------------------------------------------------------------

Distributed RAM: Final Mapping Report
+----------------+-----------------------------------------------------------+-----------+----------------------+------------------+
|Module Name     | RTL Object                                                | Inference | Size (Depth x Width) | Primitives       | 
+----------------+-----------------------------------------------------------+-----------+----------------------+------------------+
|TOP             | CPU_U/REGFILE_0/MEM_reg                                   | Implied   | 32 x 32              | RAM32M x 12      | 
|\CPU_U/DS_0 /U0 | synth_options.dist_mem_inst/gen_sp_ram.spram_inst/ram_reg | Implied   | 1 K x 32             | RAM256X1S x 128  | 
+----------------+-----------------------------------------------------------+-----------+----------------------+------------------+

---------------------------------------------------------------------------------
Finished ROM, RAM, DSP, Shift Register and Retiming Reporting
---------------------------------------------------------------------------------
---------------------------------------------------------------------------------
Start Technology Mapping
---------------------------------------------------------------------------------
---------------------------------------------------------------------------------
Finished Technology Mapping : Time (s): cpu = 00:01:04 ; elapsed = 00:01:06 . Memory (MB): peak = 1473.281 ; gain = 178.473
---------------------------------------------------------------------------------
---------------------------------------------------------------------------------
Start IO Insertion
---------------------------------------------------------------------------------
---------------------------------------------------------------------------------
Start Flattening Before IO Insertion
---------------------------------------------------------------------------------
---------------------------------------------------------------------------------
Finished Flattening Before IO Insertion
---------------------------------------------------------------------------------
---------------------------------------------------------------------------------
Start Final Netlist Cleanup
---------------------------------------------------------------------------------
---------------------------------------------------------------------------------
Finished Final Netlist Cleanup
---------------------------------------------------------------------------------
---------------------------------------------------------------------------------
Finished IO Insertion : Time (s): cpu = 00:01:07 ; elapsed = 00:01:09 . Memory (MB): peak = 1473.281 ; gain = 178.473
---------------------------------------------------------------------------------
---------------------------------------------------------------------------------
Start Renaming Generated Instances
---------------------------------------------------------------------------------
---------------------------------------------------------------------------------
Finished Renaming Generated Instances : Time (s): cpu = 00:01:07 ; elapsed = 00:01:09 . Memory (MB): peak = 1473.281 ; gain = 178.473
---------------------------------------------------------------------------------
---------------------------------------------------------------------------------
Start Rebuilding User Hierarchy
---------------------------------------------------------------------------------
---------------------------------------------------------------------------------
Finished Rebuilding User Hierarchy : Time (s): cpu = 00:01:08 ; elapsed = 00:01:09 . Memory (MB): peak = 1473.281 ; gain = 178.473
---------------------------------------------------------------------------------
---------------------------------------------------------------------------------
Start Renaming Generated Ports
---------------------------------------------------------------------------------
---------------------------------------------------------------------------------
Finished Renaming Generated Ports : Time (s): cpu = 00:01:08 ; elapsed = 00:01:10 . Memory (MB): peak = 1473.281 ; gain = 178.473
---------------------------------------------------------------------------------
---------------------------------------------------------------------------------
Start Handling Custom Attributes
---------------------------------------------------------------------------------
---------------------------------------------------------------------------------
Finished Handling Custom Attributes : Time (s): cpu = 00:01:08 ; elapsed = 00:01:10 . Memory (MB): peak = 1473.281 ; gain = 178.473
---------------------------------------------------------------------------------
---------------------------------------------------------------------------------
Start Renaming Generated Nets
---------------------------------------------------------------------------------
---------------------------------------------------------------------------------
Finished Renaming Generated Nets : Time (s): cpu = 00:01:08 ; elapsed = 00:01:10 . Memory (MB): peak = 1473.281 ; gain = 178.473
---------------------------------------------------------------------------------
---------------------------------------------------------------------------------
Start Writing Synthesis Report
---------------------------------------------------------------------------------

DSP Final Report (the ' indicates corresponding REG is set)
+------------+--------------+--------+--------+--------+--------+--------+------+------+------+------+-------+------+------+
|Module Name | DSP Mapping  | A Size | B Size | C Size | D Size | P Size | AREG | BREG | CREG | DREG | ADREG | MREG | PREG | 
+------------+--------------+--------+--------+--------+--------+--------+------+------+------+------+-------+------+------+
|ALU         | A*B          | 17     | 15     | -      | -      | 48     | 0    | 0    | -    | -    | -     | 0    | 0    | 
|ALU         | PCIN>>17+A*B | 15     | 15     | -      | -      | 30     | 0    | 0    | -    | -    | -     | 0    | 0    | 
|ALU         | A*B          | 17     | 17     | -      | -      | 48     | 0    | 0    | -    | -    | -     | 0    | 0    | 
|ALU         | PCIN>>17+A*B | 17     | 15     | -      | -      | 47     | 0    | 0    | -    | -    | -     | 0    | 0    | 
|ALU         | A*B          | 17     | 15     | -      | -      | 48     | 0    | 0    | -    | -    | -     | 0    | 0    | 
|ALU         | PCIN>>17+A*B | 15     | 15     | -      | -      | 30     | 0    | 0    | -    | -    | -     | 0    | 0    | 
|ALU         | A*B          | 17     | 17     | -      | -      | 48     | 0    | 0    | -    | -    | -     | 0    | 0    | 
|ALU         | PCIN>>17+A*B | 17     | 15     | -      | -      | 47     | 0    | 0    | -    | -    | -     | 0    | 0    | 
+------------+--------------+--------+--------+--------+--------+--------+------+------+------+------+-------+------+------+


Report BlackBoxes: 
+-+--------------+----------+
| |BlackBox name |Instances |
+-+--------------+----------+
+-+--------------+----------+

Report Cell Usage: 
+------+----------+------+
|      |Cell      |Count |
+------+----------+------+
|1     |BUFG      |     2|
|2     |CARRY4    |   763|
|3     |DSP48E1   |     8|
|4     |LUT1      |   272|
|5     |LUT2      |   559|
|6     |LUT3      |  2259|
|7     |LUT4      |   257|
|8     |LUT5      |   532|
|9     |LUT6      |  1349|
|10    |MUXF7     |    30|
|11    |RAM256X1S |   128|
|12    |RAM32M    |    10|
|13    |RAM32X1D  |     4|
|14    |FDCE      |  1550|
|15    |FDPE      |    48|
|16    |FDRE      |    92|
|17    |IBUF      |     3|
|18    |OBUF      |    24|
+------+----------+------+
---------------------------------------------------------------------------------
Finished Writing Synthesis Report : Time (s): cpu = 00:01:08 ; elapsed = 00:01:10 . Memory (MB): peak = 1473.281 ; gain = 178.473
---------------------------------------------------------------------------------
Synthesis finished with 0 errors, 0 critical warnings and 290 warnings.
Synthesis Optimization Runtime : Time (s): cpu = 00:01:00 ; elapsed = 00:01:08 . Memory (MB): peak = 1473.281 ; gain = 113.898
Synthesis Optimization Complete : Time (s): cpu = 00:01:08 ; elapsed = 00:01:10 . Memory (MB): peak = 1473.281 ; gain = 178.473
INFO: [Project 1-571] Translating synthesized netlist
Netlist sorting complete. Time (s): cpu = 00:00:00 ; elapsed = 00:00:00.064 . Memory (MB): peak = 1473.281 ; gain = 0.000
INFO: [Netlist 29-17] Analyzing 943 Unisim elements for replacement
INFO: [Netlist 29-28] Unisim Transformation completed in 0 CPU seconds
INFO: [Project 1-570] Preparing netlist for logic optimization
INFO: [Opt 31-138] Pushed 1 inverter(s) to 14 load pin(s).
Netlist sorting complete. Time (s): cpu = 00:00:00 ; elapsed = 00:00:00.002 . Memory (MB): peak = 1476.223 ; gain = 0.000
INFO: [Project 1-111] Unisim Transformation Summary:
  A total of 142 instances were transformed.
  RAM256X1S => RAM256X1S (MUXF7(x2), MUXF8, RAMS64E(x4)): 128 instances
  RAM32M => RAM32M (inverted pins: WCLK) (RAMD32(x6), RAMS32(x2)): 10 instances
  RAM32X1D => RAM32X1D (inverted pins: WCLK) (RAMD32(x2)): 4 instances

Synth Design complete, checksum: 4fb2eeef
INFO: [Common 17-83] Releasing license: Synthesis
63 Infos, 126 Warnings, 0 Critical Warnings and 0 Errors encountered.
synth_design completed successfully
synth_design: Time (s): cpu = 00:01:13 ; elapsed = 00:01:15 . Memory (MB): peak = 1476.223 ; gain = 181.414
INFO: [Common 17-1381] The checkpoint 'D:/Xilinx/Vivado/projects-ps/JMP_Predict_CPU/JMP_Predict_CPU.runs/synth_1/TOP.dcp' has been generated.
INFO: [runtcl-4] Executing : report_utilization -file TOP_utilization_synth.rpt -pb TOP_utilization_synth.pb
INFO: [Common 17-206] Exiting Vivado at Thu Aug 21 16:46:13 2025...
